Generated 380 tasks.
[1/380] RUN server_official_e200_pan_e30_BRCA_cv_1_fold_1_only_omics
[1/380] DONE server_official_e200_pan_e30_BRCA_cv_1_fold_1_only_omics
[2/380] RUN server_official_e200_pan_e30_BRCA_cv_1_fold_2_only_omics
[2/380] DONE server_official_e200_pan_e30_BRCA_cv_1_fold_2_only_omics
[3/380] RUN server_official_e200_pan_e30_BRCA_cv_1_fold_3_only_omics
[3/380] DONE server_official_e200_pan_e30_BRCA_cv_1_fold_3_only_omics
[4/380] RUN server_official_e200_pan_e30_BRCA_cv_1_fold_4_only_omics
[4/380] DONE server_official_e200_pan_e30_BRCA_cv_1_fold_4_only_omics
[5/380] RUN server_official_e200_pan_e30_BRCA_cv_1_fold_5_only_omics
[5/380] DONE server_official_e200_pan_e30_BRCA_cv_1_fold_5_only_omics
[6/380] RUN server_official_e200_pan_e30_BRCA_cv_2_fold_1_only_omics
[6/380] DONE server_official_e200_pan_e30_BRCA_cv_2_fold_1_only_omics
[7/380] RUN server_official_e200_pan_e30_BRCA_cv_2_fold_2_only_omics
[7/380] DONE server_official_e200_pan_e30_BRCA_cv_2_fold_2_only_omics
[8/380] RUN server_official_e200_pan_e30_BRCA_cv_2_fold_3_only_omics
[8/380] DONE server_official_e200_pan_e30_BRCA_cv_2_fold_3_only_omics
[9/380] RUN server_official_e200_pan_e30_BRCA_cv_2_fold_4_only_omics
[9/380] DONE server_official_e200_pan_e30_BRCA_cv_2_fold_4_only_omics
[10/380] RUN server_official_e200_pan_e30_BRCA_cv_2_fold_5_only_omics
[10/380] DONE server_official_e200_pan_e30_BRCA_cv_2_fold_5_only_omics
[11/380] RUN server_official_e200_pan_e30_CESC_cv_1_fold_1_only_omics
[11/380] DONE server_official_e200_pan_e30_CESC_cv_1_fold_1_only_omics
[12/380] RUN server_official_e200_pan_e30_CESC_cv_1_fold_2_only_omics
[12/380] DONE server_official_e200_pan_e30_CESC_cv_1_fold_2_only_omics
[13/380] RUN server_official_e200_pan_e30_CESC_cv_1_fold_3_only_omics
[13/380] DONE server_official_e200_pan_e30_CESC_cv_1_fold_3_only_omics
[14/380] RUN server_official_e200_pan_e30_CESC_cv_1_fold_4_only_omics
[14/380] DONE server_official_e200_pan_e30_CESC_cv_1_fold_4_only_omics
[15/380] RUN server_official_e200_pan_e30_CESC_cv_1_fold_5_only_omics
[15/380] DONE server_official_e200_pan_e30_CESC_cv_1_fold_5_only_omics
[16/380] RUN server_official_e200_pan_e30_CESC_cv_2_fold_1_only_omics
[16/380] DONE server_official_e200_pan_e30_CESC_cv_2_fold_1_only_omics
[17/380] RUN server_official_e200_pan_e30_CESC_cv_2_fold_2_only_omics
[17/380] DONE server_official_e200_pan_e30_CESC_cv_2_fold_2_only_omics
[18/380] RUN server_official_e200_pan_e30_CESC_cv_2_fold_3_only_omics
[18/380] DONE server_official_e200_pan_e30_CESC_cv_2_fold_3_only_omics
[19/380] RUN server_official_e200_pan_e30_CESC_cv_2_fold_4_only_omics
[19/380] DONE server_official_e200_pan_e30_CESC_cv_2_fold_4_only_omics
[20/380] RUN server_official_e200_pan_e30_CESC_cv_2_fold_5_only_omics
[20/380] DONE server_official_e200_pan_e30_CESC_cv_2_fold_5_only_omics
[21/380] RUN server_official_e200_pan_e30_COAD_cv_1_fold_1_only_omics
[21/380] DONE server_official_e200_pan_e30_COAD_cv_1_fold_1_only_omics
[22/380] RUN server_official_e200_pan_e30_COAD_cv_1_fold_2_only_omics
[22/380] DONE server_official_e200_pan_e30_COAD_cv_1_fold_2_only_omics
[23/380] RUN server_official_e200_pan_e30_COAD_cv_1_fold_3_only_omics
[23/380] DONE server_official_e200_pan_e30_COAD_cv_1_fold_3_only_omics
[24/380] RUN server_official_e200_pan_e30_COAD_cv_1_fold_4_only_omics
[24/380] DONE server_official_e200_pan_e30_COAD_cv_1_fold_4_only_omics
[25/380] RUN server_official_e200_pan_e30_COAD_cv_1_fold_5_only_omics
[25/380] DONE server_official_e200_pan_e30_COAD_cv_1_fold_5_only_omics
[26/380] RUN server_official_e200_pan_e30_COAD_cv_2_fold_1_only_omics
[26/380] DONE server_official_e200_pan_e30_COAD_cv_2_fold_1_only_omics
[27/380] RUN server_official_e200_pan_e30_COAD_cv_2_fold_2_only_omics
[27/380] DONE server_official_e200_pan_e30_COAD_cv_2_fold_2_only_omics
[28/380] RUN server_official_e200_pan_e30_COAD_cv_2_fold_3_only_omics
[28/380] DONE server_official_e200_pan_e30_COAD_cv_2_fold_3_only_omics
[29/380] RUN server_official_e200_pan_e30_COAD_cv_2_fold_4_only_omics
[29/380] DONE server_official_e200_pan_e30_COAD_cv_2_fold_4_only_omics
[30/380] RUN server_official_e200_pan_e30_COAD_cv_2_fold_5_only_omics
[30/380] DONE server_official_e200_pan_e30_COAD_cv_2_fold_5_only_omics
[31/380] RUN server_official_e200_pan_e30_KIRC_cv_1_fold_1_only_omics
[31/380] DONE server_official_e200_pan_e30_KIRC_cv_1_fold_1_only_omics
[32/380] RUN server_official_e200_pan_e30_KIRC_cv_1_fold_2_only_omics
[32/380] DONE server_official_e200_pan_e30_KIRC_cv_1_fold_2_only_omics
[33/380] RUN server_official_e200_pan_e30_KIRC_cv_1_fold_3_only_omics
[33/380] DONE server_official_e200_pan_e30_KIRC_cv_1_fold_3_only_omics
[34/380] RUN server_official_e200_pan_e30_KIRC_cv_1_fold_4_only_omics
[34/380] DONE server_official_e200_pan_e30_KIRC_cv_1_fold_4_only_omics
[35/380] RUN server_official_e200_pan_e30_KIRC_cv_1_fold_5_only_omics
[35/380] DONE server_official_e200_pan_e30_KIRC_cv_1_fold_5_only_omics
[36/380] RUN server_official_e200_pan_e30_KIRC_cv_2_fold_1_only_omics
[36/380] DONE server_official_e200_pan_e30_KIRC_cv_2_fold_1_only_omics
[37/380] RUN server_official_e200_pan_e30_KIRC_cv_2_fold_2_only_omics
[37/380] DONE server_official_e200_pan_e30_KIRC_cv_2_fold_2_only_omics
[38/380] RUN server_official_e200_pan_e30_KIRC_cv_2_fold_3_only_omics
[38/380] DONE server_official_e200_pan_e30_KIRC_cv_2_fold_3_only_omics
[39/380] RUN server_official_e200_pan_e30_KIRC_cv_2_fold_4_only_omics
[39/380] DONE server_official_e200_pan_e30_KIRC_cv_2_fold_4_only_omics
[40/380] RUN server_official_e200_pan_e30_KIRC_cv_2_fold_5_only_omics
[40/380] DONE server_official_e200_pan_e30_KIRC_cv_2_fold_5_only_omics
[41/380] RUN server_official_e200_pan_e30_LAML_cv_1_fold_1_only_omics
[41/380] DONE server_official_e200_pan_e30_LAML_cv_1_fold_1_only_omics
[42/380] RUN server_official_e200_pan_e30_LAML_cv_1_fold_2_only_omics
[42/380] DONE server_official_e200_pan_e30_LAML_cv_1_fold_2_only_omics
[43/380] RUN server_official_e200_pan_e30_LAML_cv_1_fold_3_only_omics
[43/380] DONE server_official_e200_pan_e30_LAML_cv_1_fold_3_only_omics
[44/380] RUN server_official_e200_pan_e30_LAML_cv_1_fold_4_only_omics
[44/380] DONE server_official_e200_pan_e30_LAML_cv_1_fold_4_only_omics
[45/380] RUN server_official_e200_pan_e30_LAML_cv_1_fold_5_only_omics
[45/380] DONE server_official_e200_pan_e30_LAML_cv_1_fold_5_only_omics
[46/380] RUN server_official_e200_pan_e30_LAML_cv_2_fold_1_only_omics
[46/380] DONE server_official_e200_pan_e30_LAML_cv_2_fold_1_only_omics
[47/380] RUN server_official_e200_pan_e30_LAML_cv_2_fold_2_only_omics
[47/380] DONE server_official_e200_pan_e30_LAML_cv_2_fold_2_only_omics
[48/380] RUN server_official_e200_pan_e30_LAML_cv_2_fold_3_only_omics
[48/380] DONE server_official_e200_pan_e30_LAML_cv_2_fold_3_only_omics
[49/380] RUN server_official_e200_pan_e30_LAML_cv_2_fold_4_only_omics
[49/380] DONE server_official_e200_pan_e30_LAML_cv_2_fold_4_only_omics
[50/380] RUN server_official_e200_pan_e30_LAML_cv_2_fold_5_only_omics
[50/380] DONE server_official_e200_pan_e30_LAML_cv_2_fold_5_only_omics
[51/380] RUN server_official_e200_pan_e30_LUAD_cv_1_fold_1_only_omics
[51/380] DONE server_official_e200_pan_e30_LUAD_cv_1_fold_1_only_omics
[52/380] RUN server_official_e200_pan_e30_LUAD_cv_1_fold_2_only_omics
[52/380] DONE server_official_e200_pan_e30_LUAD_cv_1_fold_2_only_omics
[53/380] RUN server_official_e200_pan_e30_LUAD_cv_1_fold_3_only_omics
[53/380] DONE server_official_e200_pan_e30_LUAD_cv_1_fold_3_only_omics
[54/380] RUN server_official_e200_pan_e30_LUAD_cv_1_fold_4_only_omics
[54/380] DONE server_official_e200_pan_e30_LUAD_cv_1_fold_4_only_omics
[55/380] RUN server_official_e200_pan_e30_LUAD_cv_1_fold_5_only_omics
[55/380] DONE server_official_e200_pan_e30_LUAD_cv_1_fold_5_only_omics
[56/380] RUN server_official_e200_pan_e30_LUAD_cv_2_fold_1_only_omics
[56/380] DONE server_official_e200_pan_e30_LUAD_cv_2_fold_1_only_omics
[57/380] RUN server_official_e200_pan_e30_LUAD_cv_2_fold_2_only_omics
[57/380] DONE server_official_e200_pan_e30_LUAD_cv_2_fold_2_only_omics
[58/380] RUN server_official_e200_pan_e30_LUAD_cv_2_fold_3_only_omics
[58/380] DONE server_official_e200_pan_e30_LUAD_cv_2_fold_3_only_omics
[59/380] RUN server_official_e200_pan_e30_LUAD_cv_2_fold_4_only_omics
[59/380] DONE server_official_e200_pan_e30_LUAD_cv_2_fold_4_only_omics
[60/380] RUN server_official_e200_pan_e30_LUAD_cv_2_fold_5_only_omics
[60/380] DONE server_official_e200_pan_e30_LUAD_cv_2_fold_5_only_omics
[61/380] RUN server_official_e200_pan_e30_OV_cv_1_fold_1_only_omics
[61/380] DONE server_official_e200_pan_e30_OV_cv_1_fold_1_only_omics
[62/380] RUN server_official_e200_pan_e30_OV_cv_1_fold_2_only_omics
[62/380] DONE server_official_e200_pan_e30_OV_cv_1_fold_2_only_omics
[63/380] RUN server_official_e200_pan_e30_OV_cv_1_fold_3_only_omics
[63/380] DONE server_official_e200_pan_e30_OV_cv_1_fold_3_only_omics
[64/380] RUN server_official_e200_pan_e30_OV_cv_1_fold_4_only_omics
[64/380] DONE server_official_e200_pan_e30_OV_cv_1_fold_4_only_omics
[65/380] RUN server_official_e200_pan_e30_OV_cv_1_fold_5_only_omics
[65/380] DONE server_official_e200_pan_e30_OV_cv_1_fold_5_only_omics
[66/380] RUN server_official_e200_pan_e30_OV_cv_2_fold_1_only_omics
[66/380] DONE server_official_e200_pan_e30_OV_cv_2_fold_1_only_omics
[67/380] RUN server_official_e200_pan_e30_OV_cv_2_fold_2_only_omics
[67/380] DONE server_official_e200_pan_e30_OV_cv_2_fold_2_only_omics
[68/380] RUN server_official_e200_pan_e30_OV_cv_2_fold_3_only_omics
[68/380] DONE server_official_e200_pan_e30_OV_cv_2_fold_3_only_omics
[69/380] RUN server_official_e200_pan_e30_OV_cv_2_fold_4_only_omics
[69/380] DONE server_official_e200_pan_e30_OV_cv_2_fold_4_only_omics
[70/380] RUN server_official_e200_pan_e30_OV_cv_2_fold_5_only_omics
[70/380] DONE server_official_e200_pan_e30_OV_cv_2_fold_5_only_omics
[71/380] RUN server_official_e200_pan_e30_SKCM_cv_1_fold_1_only_omics
[71/380] DONE server_official_e200_pan_e30_SKCM_cv_1_fold_1_only_omics
[72/380] RUN server_official_e200_pan_e30_SKCM_cv_1_fold_2_only_omics
[72/380] DONE server_official_e200_pan_e30_SKCM_cv_1_fold_2_only_omics
[73/380] RUN server_official_e200_pan_e30_SKCM_cv_1_fold_3_only_omics
[73/380] DONE server_official_e200_pan_e30_SKCM_cv_1_fold_3_only_omics
[74/380] RUN server_official_e200_pan_e30_SKCM_cv_1_fold_4_only_omics
[74/380] DONE server_official_e200_pan_e30_SKCM_cv_1_fold_4_only_omics
[75/380] RUN server_official_e200_pan_e30_SKCM_cv_1_fold_5_only_omics
[75/380] DONE server_official_e200_pan_e30_SKCM_cv_1_fold_5_only_omics
[76/380] RUN server_official_e200_pan_e30_SKCM_cv_2_fold_1_only_omics
[76/380] DONE server_official_e200_pan_e30_SKCM_cv_2_fold_1_only_omics
[77/380] RUN server_official_e200_pan_e30_SKCM_cv_2_fold_2_only_omics
[77/380] DONE server_official_e200_pan_e30_SKCM_cv_2_fold_2_only_omics
[78/380] RUN server_official_e200_pan_e30_SKCM_cv_2_fold_3_only_omics
[78/380] DONE server_official_e200_pan_e30_SKCM_cv_2_fold_3_only_omics
[79/380] RUN server_official_e200_pan_e30_SKCM_cv_2_fold_4_only_omics
[79/380] DONE server_official_e200_pan_e30_SKCM_cv_2_fold_4_only_omics
[80/380] RUN server_official_e200_pan_e30_SKCM_cv_2_fold_5_only_omics
[80/380] DONE server_official_e200_pan_e30_SKCM_cv_2_fold_5_only_omics
[81/380] RUN server_official_e200_pan_e30_pan_cv_1_fold_1_only_omics
[81/380] DONE server_official_e200_pan_e30_pan_cv_1_fold_1_only_omics
[82/380] RUN server_official_e200_pan_e30_pan_cv_1_fold_2_only_omics
[82/380] DONE server_official_e200_pan_e30_pan_cv_1_fold_2_only_omics
[83/380] RUN server_official_e200_pan_e30_pan_cv_1_fold_3_only_omics
[83/380] DONE server_official_e200_pan_e30_pan_cv_1_fold_3_only_omics
[84/380] RUN server_official_e200_pan_e30_pan_cv_1_fold_4_only_omics
[84/380] DONE server_official_e200_pan_e30_pan_cv_1_fold_4_only_omics
[85/380] RUN server_official_e200_pan_e30_pan_cv_1_fold_5_only_omics
[85/380] DONE server_official_e200_pan_e30_pan_cv_1_fold_5_only_omics
[86/380] RUN server_official_e200_pan_e30_pan_cv_2_fold_1_only_omics
[86/380] DONE server_official_e200_pan_e30_pan_cv_2_fold_1_only_omics
[87/380] RUN server_official_e200_pan_e30_pan_cv_2_fold_2_only_omics
[87/380] DONE server_official_e200_pan_e30_pan_cv_2_fold_2_only_omics
[88/380] RUN server_official_e200_pan_e30_pan_cv_2_fold_3_only_omics
[88/380] DONE server_official_e200_pan_e30_pan_cv_2_fold_3_only_omics
[89/380] RUN server_official_e200_pan_e30_pan_cv_2_fold_4_only_omics
[89/380] DONE server_official_e200_pan_e30_pan_cv_2_fold_4_only_omics
[90/380] RUN server_official_e200_pan_e30_pan_cv_2_fold_5_only_omics
[90/380] DONE server_official_e200_pan_e30_pan_cv_2_fold_5_only_omics
[91/380] RUN server_official_e200_pan_e30_pan_cv_3_fold_1_only_omics
[91/380] DONE server_official_e200_pan_e30_pan_cv_3_fold_1_only_omics
[92/380] RUN server_official_e200_pan_e30_pan_cv_3_fold_2_only_omics
[92/380] DONE server_official_e200_pan_e30_pan_cv_3_fold_2_only_omics
[93/380] RUN server_official_e200_pan_e30_pan_cv_3_fold_3_only_omics
[93/380] DONE server_official_e200_pan_e30_pan_cv_3_fold_3_only_omics
[94/380] RUN server_official_e200_pan_e30_pan_cv_3_fold_4_only_omics
[94/380] DONE server_official_e200_pan_e30_pan_cv_3_fold_4_only_omics
[95/380] RUN server_official_e200_pan_e30_pan_cv_3_fold_5_only_omics
[95/380] DONE server_official_e200_pan_e30_pan_cv_3_fold_5_only_omics
[96/380] RUN server_official_e200_pan_e30_BRCA_cv_1_fold_1_only_kg
[96/380] DONE server_official_e200_pan_e30_BRCA_cv_1_fold_1_only_kg
[97/380] RUN server_official_e200_pan_e30_BRCA_cv_1_fold_2_only_kg
[97/380] DONE server_official_e200_pan_e30_BRCA_cv_1_fold_2_only_kg
[98/380] RUN server_official_e200_pan_e30_BRCA_cv_1_fold_3_only_kg
[98/380] DONE server_official_e200_pan_e30_BRCA_cv_1_fold_3_only_kg
[99/380] RUN server_official_e200_pan_e30_BRCA_cv_1_fold_4_only_kg
[99/380] DONE server_official_e200_pan_e30_BRCA_cv_1_fold_4_only_kg
[100/380] RUN server_official_e200_pan_e30_BRCA_cv_1_fold_5_only_kg
[100/380] DONE server_official_e200_pan_e30_BRCA_cv_1_fold_5_only_kg
[101/380] RUN server_official_e200_pan_e30_BRCA_cv_2_fold_1_only_kg
[101/380] DONE server_official_e200_pan_e30_BRCA_cv_2_fold_1_only_kg
[102/380] RUN server_official_e200_pan_e30_BRCA_cv_2_fold_2_only_kg
[102/380] DONE server_official_e200_pan_e30_BRCA_cv_2_fold_2_only_kg
[103/380] RUN server_official_e200_pan_e30_BRCA_cv_2_fold_3_only_kg
[103/380] DONE server_official_e200_pan_e30_BRCA_cv_2_fold_3_only_kg
[104/380] RUN server_official_e200_pan_e30_BRCA_cv_2_fold_4_only_kg
[104/380] DONE server_official_e200_pan_e30_BRCA_cv_2_fold_4_only_kg
[105/380] RUN server_official_e200_pan_e30_BRCA_cv_2_fold_5_only_kg
[105/380] DONE server_official_e200_pan_e30_BRCA_cv_2_fold_5_only_kg
[106/380] RUN server_official_e200_pan_e30_CESC_cv_1_fold_1_only_kg
[106/380] DONE server_official_e200_pan_e30_CESC_cv_1_fold_1_only_kg
[107/380] RUN server_official_e200_pan_e30_CESC_cv_1_fold_2_only_kg
[107/380] DONE server_official_e200_pan_e30_CESC_cv_1_fold_2_only_kg
[108/380] RUN server_official_e200_pan_e30_CESC_cv_1_fold_3_only_kg
[108/380] DONE server_official_e200_pan_e30_CESC_cv_1_fold_3_only_kg
[109/380] RUN server_official_e200_pan_e30_CESC_cv_1_fold_4_only_kg
[109/380] DONE server_official_e200_pan_e30_CESC_cv_1_fold_4_only_kg
[110/380] RUN server_official_e200_pan_e30_CESC_cv_1_fold_5_only_kg
[110/380] DONE server_official_e200_pan_e30_CESC_cv_1_fold_5_only_kg
[111/380] RUN server_official_e200_pan_e30_CESC_cv_2_fold_1_only_kg
[111/380] DONE server_official_e200_pan_e30_CESC_cv_2_fold_1_only_kg
[112/380] RUN server_official_e200_pan_e30_CESC_cv_2_fold_2_only_kg
[112/380] DONE server_official_e200_pan_e30_CESC_cv_2_fold_2_only_kg
[113/380] RUN server_official_e200_pan_e30_CESC_cv_2_fold_3_only_kg
[113/380] DONE server_official_e200_pan_e30_CESC_cv_2_fold_3_only_kg
[114/380] RUN server_official_e200_pan_e30_CESC_cv_2_fold_4_only_kg
[114/380] DONE server_official_e200_pan_e30_CESC_cv_2_fold_4_only_kg
[115/380] RUN server_official_e200_pan_e30_CESC_cv_2_fold_5_only_kg
[115/380] DONE server_official_e200_pan_e30_CESC_cv_2_fold_5_only_kg
[116/380] RUN server_official_e200_pan_e30_COAD_cv_1_fold_1_only_kg
[116/380] DONE server_official_e200_pan_e30_COAD_cv_1_fold_1_only_kg
[117/380] RUN server_official_e200_pan_e30_COAD_cv_1_fold_2_only_kg
[117/380] DONE server_official_e200_pan_e30_COAD_cv_1_fold_2_only_kg
[118/380] RUN server_official_e200_pan_e30_COAD_cv_1_fold_3_only_kg
[118/380] DONE server_official_e200_pan_e30_COAD_cv_1_fold_3_only_kg
[119/380] RUN server_official_e200_pan_e30_COAD_cv_1_fold_4_only_kg
[119/380] DONE server_official_e200_pan_e30_COAD_cv_1_fold_4_only_kg
[120/380] RUN server_official_e200_pan_e30_COAD_cv_1_fold_5_only_kg
[120/380] DONE server_official_e200_pan_e30_COAD_cv_1_fold_5_only_kg
[121/380] RUN server_official_e200_pan_e30_COAD_cv_2_fold_1_only_kg
[121/380] DONE server_official_e200_pan_e30_COAD_cv_2_fold_1_only_kg
[122/380] RUN server_official_e200_pan_e30_COAD_cv_2_fold_2_only_kg
[122/380] DONE server_official_e200_pan_e30_COAD_cv_2_fold_2_only_kg
[123/380] RUN server_official_e200_pan_e30_COAD_cv_2_fold_3_only_kg
[123/380] DONE server_official_e200_pan_e30_COAD_cv_2_fold_3_only_kg
[124/380] RUN server_official_e200_pan_e30_COAD_cv_2_fold_4_only_kg
[124/380] DONE server_official_e200_pan_e30_COAD_cv_2_fold_4_only_kg
[125/380] RUN server_official_e200_pan_e30_COAD_cv_2_fold_5_only_kg
[125/380] DONE server_official_e200_pan_e30_COAD_cv_2_fold_5_only_kg
[126/380] RUN server_official_e200_pan_e30_KIRC_cv_1_fold_1_only_kg
[126/380] DONE server_official_e200_pan_e30_KIRC_cv_1_fold_1_only_kg
[127/380] RUN server_official_e200_pan_e30_KIRC_cv_1_fold_2_only_kg
[127/380] DONE server_official_e200_pan_e30_KIRC_cv_1_fold_2_only_kg
[128/380] RUN server_official_e200_pan_e30_KIRC_cv_1_fold_3_only_kg
[128/380] DONE server_official_e200_pan_e30_KIRC_cv_1_fold_3_only_kg
[129/380] RUN server_official_e200_pan_e30_KIRC_cv_1_fold_4_only_kg
[129/380] DONE server_official_e200_pan_e30_KIRC_cv_1_fold_4_only_kg
[130/380] RUN server_official_e200_pan_e30_KIRC_cv_1_fold_5_only_kg
[130/380] DONE server_official_e200_pan_e30_KIRC_cv_1_fold_5_only_kg
[131/380] RUN server_official_e200_pan_e30_KIRC_cv_2_fold_1_only_kg
[131/380] DONE server_official_e200_pan_e30_KIRC_cv_2_fold_1_only_kg
[132/380] RUN server_official_e200_pan_e30_KIRC_cv_2_fold_2_only_kg
[132/380] DONE server_official_e200_pan_e30_KIRC_cv_2_fold_2_only_kg
[133/380] RUN server_official_e200_pan_e30_KIRC_cv_2_fold_3_only_kg
[133/380] DONE server_official_e200_pan_e30_KIRC_cv_2_fold_3_only_kg
[134/380] RUN server_official_e200_pan_e30_KIRC_cv_2_fold_4_only_kg
[134/380] DONE server_official_e200_pan_e30_KIRC_cv_2_fold_4_only_kg
[135/380] RUN server_official_e200_pan_e30_KIRC_cv_2_fold_5_only_kg
[135/380] DONE server_official_e200_pan_e30_KIRC_cv_2_fold_5_only_kg
[136/380] RUN server_official_e200_pan_e30_LAML_cv_1_fold_1_only_kg
[136/380] DONE server_official_e200_pan_e30_LAML_cv_1_fold_1_only_kg
[137/380] RUN server_official_e200_pan_e30_LAML_cv_1_fold_2_only_kg
[137/380] DONE server_official_e200_pan_e30_LAML_cv_1_fold_2_only_kg
[138/380] RUN server_official_e200_pan_e30_LAML_cv_1_fold_3_only_kg
[138/380] DONE server_official_e200_pan_e30_LAML_cv_1_fold_3_only_kg
[139/380] RUN server_official_e200_pan_e30_LAML_cv_1_fold_4_only_kg
[139/380] DONE server_official_e200_pan_e30_LAML_cv_1_fold_4_only_kg
[140/380] RUN server_official_e200_pan_e30_LAML_cv_1_fold_5_only_kg
[140/380] DONE server_official_e200_pan_e30_LAML_cv_1_fold_5_only_kg
[141/380] RUN server_official_e200_pan_e30_LAML_cv_2_fold_1_only_kg
[141/380] DONE server_official_e200_pan_e30_LAML_cv_2_fold_1_only_kg
[142/380] RUN server_official_e200_pan_e30_LAML_cv_2_fold_2_only_kg
[142/380] DONE server_official_e200_pan_e30_LAML_cv_2_fold_2_only_kg
[143/380] RUN server_official_e200_pan_e30_LAML_cv_2_fold_3_only_kg
[143/380] DONE server_official_e200_pan_e30_LAML_cv_2_fold_3_only_kg
[144/380] RUN server_official_e200_pan_e30_LAML_cv_2_fold_4_only_kg
[144/380] DONE server_official_e200_pan_e30_LAML_cv_2_fold_4_only_kg
[145/380] RUN server_official_e200_pan_e30_LAML_cv_2_fold_5_only_kg
[145/380] DONE server_official_e200_pan_e30_LAML_cv_2_fold_5_only_kg
[146/380] RUN server_official_e200_pan_e30_LUAD_cv_1_fold_1_only_kg
[146/380] DONE server_official_e200_pan_e30_LUAD_cv_1_fold_1_only_kg
[147/380] RUN server_official_e200_pan_e30_LUAD_cv_1_fold_2_only_kg
[147/380] DONE server_official_e200_pan_e30_LUAD_cv_1_fold_2_only_kg
[148/380] RUN server_official_e200_pan_e30_LUAD_cv_1_fold_3_only_kg
[148/380] DONE server_official_e200_pan_e30_LUAD_cv_1_fold_3_only_kg
[149/380] RUN server_official_e200_pan_e30_LUAD_cv_1_fold_4_only_kg
[149/380] DONE server_official_e200_pan_e30_LUAD_cv_1_fold_4_only_kg
[150/380] RUN server_official_e200_pan_e30_LUAD_cv_1_fold_5_only_kg
[150/380] DONE server_official_e200_pan_e30_LUAD_cv_1_fold_5_only_kg
[151/380] RUN server_official_e200_pan_e30_LUAD_cv_2_fold_1_only_kg
[151/380] DONE server_official_e200_pan_e30_LUAD_cv_2_fold_1_only_kg
[152/380] RUN server_official_e200_pan_e30_LUAD_cv_2_fold_2_only_kg
[152/380] DONE server_official_e200_pan_e30_LUAD_cv_2_fold_2_only_kg
[153/380] RUN server_official_e200_pan_e30_LUAD_cv_2_fold_3_only_kg
[153/380] DONE server_official_e200_pan_e30_LUAD_cv_2_fold_3_only_kg
[154/380] RUN server_official_e200_pan_e30_LUAD_cv_2_fold_4_only_kg
[154/380] DONE server_official_e200_pan_e30_LUAD_cv_2_fold_4_only_kg
[155/380] RUN server_official_e200_pan_e30_LUAD_cv_2_fold_5_only_kg
[155/380] DONE server_official_e200_pan_e30_LUAD_cv_2_fold_5_only_kg
[156/380] RUN server_official_e200_pan_e30_OV_cv_1_fold_1_only_kg
[156/380] DONE server_official_e200_pan_e30_OV_cv_1_fold_1_only_kg
[157/380] RUN server_official_e200_pan_e30_OV_cv_1_fold_2_only_kg
[157/380] DONE server_official_e200_pan_e30_OV_cv_1_fold_2_only_kg
[158/380] RUN server_official_e200_pan_e30_OV_cv_1_fold_3_only_kg
[158/380] DONE server_official_e200_pan_e30_OV_cv_1_fold_3_only_kg
[159/380] RUN server_official_e200_pan_e30_OV_cv_1_fold_4_only_kg
[159/380] DONE server_official_e200_pan_e30_OV_cv_1_fold_4_only_kg
[160/380] RUN server_official_e200_pan_e30_OV_cv_1_fold_5_only_kg
[160/380] DONE server_official_e200_pan_e30_OV_cv_1_fold_5_only_kg
[161/380] RUN server_official_e200_pan_e30_OV_cv_2_fold_1_only_kg
[161/380] DONE server_official_e200_pan_e30_OV_cv_2_fold_1_only_kg
[162/380] RUN server_official_e200_pan_e30_OV_cv_2_fold_2_only_kg
[162/380] DONE server_official_e200_pan_e30_OV_cv_2_fold_2_only_kg
[163/380] RUN server_official_e200_pan_e30_OV_cv_2_fold_3_only_kg
[163/380] DONE server_official_e200_pan_e30_OV_cv_2_fold_3_only_kg
[164/380] RUN server_official_e200_pan_e30_OV_cv_2_fold_4_only_kg
[164/380] DONE server_official_e200_pan_e30_OV_cv_2_fold_4_only_kg
[165/380] RUN server_official_e200_pan_e30_OV_cv_2_fold_5_only_kg
[165/380] DONE server_official_e200_pan_e30_OV_cv_2_fold_5_only_kg
[166/380] RUN server_official_e200_pan_e30_SKCM_cv_1_fold_1_only_kg
[166/380] DONE server_official_e200_pan_e30_SKCM_cv_1_fold_1_only_kg
[167/380] RUN server_official_e200_pan_e30_SKCM_cv_1_fold_2_only_kg
[167/380] DONE server_official_e200_pan_e30_SKCM_cv_1_fold_2_only_kg
[168/380] RUN server_official_e200_pan_e30_SKCM_cv_1_fold_3_only_kg
[168/380] DONE server_official_e200_pan_e30_SKCM_cv_1_fold_3_only_kg
[169/380] RUN server_official_e200_pan_e30_SKCM_cv_1_fold_4_only_kg
[169/380] DONE server_official_e200_pan_e30_SKCM_cv_1_fold_4_only_kg
[170/380] RUN server_official_e200_pan_e30_SKCM_cv_1_fold_5_only_kg
[170/380] DONE server_official_e200_pan_e30_SKCM_cv_1_fold_5_only_kg
[171/380] RUN server_official_e200_pan_e30_SKCM_cv_2_fold_1_only_kg
[171/380] DONE server_official_e200_pan_e30_SKCM_cv_2_fold_1_only_kg
[172/380] RUN server_official_e200_pan_e30_SKCM_cv_2_fold_2_only_kg
[172/380] DONE server_official_e200_pan_e30_SKCM_cv_2_fold_2_only_kg
[173/380] RUN server_official_e200_pan_e30_SKCM_cv_2_fold_3_only_kg
[173/380] DONE server_official_e200_pan_e30_SKCM_cv_2_fold_3_only_kg
[174/380] RUN server_official_e200_pan_e30_SKCM_cv_2_fold_4_only_kg
[174/380] DONE server_official_e200_pan_e30_SKCM_cv_2_fold_4_only_kg
[175/380] RUN server_official_e200_pan_e30_SKCM_cv_2_fold_5_only_kg
[175/380] DONE server_official_e200_pan_e30_SKCM_cv_2_fold_5_only_kg
[176/380] RUN server_official_e200_pan_e30_pan_cv_1_fold_1_only_kg
[176/380] DONE server_official_e200_pan_e30_pan_cv_1_fold_1_only_kg
[177/380] RUN server_official_e200_pan_e30_pan_cv_1_fold_2_only_kg
[177/380] DONE server_official_e200_pan_e30_pan_cv_1_fold_2_only_kg
[178/380] RUN server_official_e200_pan_e30_pan_cv_1_fold_3_only_kg
[178/380] DONE server_official_e200_pan_e30_pan_cv_1_fold_3_only_kg
[179/380] RUN server_official_e200_pan_e30_pan_cv_1_fold_4_only_kg
[179/380] DONE server_official_e200_pan_e30_pan_cv_1_fold_4_only_kg
[180/380] RUN server_official_e200_pan_e30_pan_cv_1_fold_5_only_kg
[180/380] DONE server_official_e200_pan_e30_pan_cv_1_fold_5_only_kg
[181/380] RUN server_official_e200_pan_e30_pan_cv_2_fold_1_only_kg
[181/380] DONE server_official_e200_pan_e30_pan_cv_2_fold_1_only_kg
[182/380] RUN server_official_e200_pan_e30_pan_cv_2_fold_2_only_kg
[182/380] DONE server_official_e200_pan_e30_pan_cv_2_fold_2_only_kg
[183/380] RUN server_official_e200_pan_e30_pan_cv_2_fold_3_only_kg
[183/380] DONE server_official_e200_pan_e30_pan_cv_2_fold_3_only_kg
[184/380] RUN server_official_e200_pan_e30_pan_cv_2_fold_4_only_kg
[184/380] DONE server_official_e200_pan_e30_pan_cv_2_fold_4_only_kg
[185/380] RUN server_official_e200_pan_e30_pan_cv_2_fold_5_only_kg
[185/380] DONE server_official_e200_pan_e30_pan_cv_2_fold_5_only_kg
[186/380] RUN server_official_e200_pan_e30_pan_cv_3_fold_1_only_kg
[186/380] DONE server_official_e200_pan_e30_pan_cv_3_fold_1_only_kg
[187/380] RUN server_official_e200_pan_e30_pan_cv_3_fold_2_only_kg
[187/380] DONE server_official_e200_pan_e30_pan_cv_3_fold_2_only_kg
[188/380] RUN server_official_e200_pan_e30_pan_cv_3_fold_3_only_kg
[188/380] DONE server_official_e200_pan_e30_pan_cv_3_fold_3_only_kg
[189/380] RUN server_official_e200_pan_e30_pan_cv_3_fold_4_only_kg
[189/380] DONE server_official_e200_pan_e30_pan_cv_3_fold_4_only_kg
[190/380] RUN server_official_e200_pan_e30_pan_cv_3_fold_5_only_kg
[190/380] DONE server_official_e200_pan_e30_pan_cv_3_fold_5_only_kg
[191/380] RUN server_official_e200_pan_e30_BRCA_cv_1_fold_1_umt
[191/380] DONE server_official_e200_pan_e30_BRCA_cv_1_fold_1_umt
[192/380] RUN server_official_e200_pan_e30_BRCA_cv_1_fold_2_umt
[192/380] DONE server_official_e200_pan_e30_BRCA_cv_1_fold_2_umt
[193/380] RUN server_official_e200_pan_e30_BRCA_cv_1_fold_3_umt
[193/380] DONE server_official_e200_pan_e30_BRCA_cv_1_fold_3_umt
[194/380] RUN server_official_e200_pan_e30_BRCA_cv_1_fold_4_umt
[194/380] DONE server_official_e200_pan_e30_BRCA_cv_1_fold_4_umt
[195/380] RUN server_official_e200_pan_e30_BRCA_cv_1_fold_5_umt
[195/380] DONE server_official_e200_pan_e30_BRCA_cv_1_fold_5_umt
[196/380] RUN server_official_e200_pan_e30_BRCA_cv_2_fold_1_umt
[196/380] DONE server_official_e200_pan_e30_BRCA_cv_2_fold_1_umt
[197/380] RUN server_official_e200_pan_e30_BRCA_cv_2_fold_2_umt
[197/380] DONE server_official_e200_pan_e30_BRCA_cv_2_fold_2_umt
[198/380] RUN server_official_e200_pan_e30_BRCA_cv_2_fold_3_umt
[198/380] DONE server_official_e200_pan_e30_BRCA_cv_2_fold_3_umt
[199/380] RUN server_official_e200_pan_e30_BRCA_cv_2_fold_4_umt
[199/380] DONE server_official_e200_pan_e30_BRCA_cv_2_fold_4_umt
[200/380] RUN server_official_e200_pan_e30_BRCA_cv_2_fold_5_umt
[200/380] DONE server_official_e200_pan_e30_BRCA_cv_2_fold_5_umt
[201/380] RUN server_official_e200_pan_e30_CESC_cv_1_fold_1_umt
[201/380] DONE server_official_e200_pan_e30_CESC_cv_1_fold_1_umt
[202/380] RUN server_official_e200_pan_e30_CESC_cv_1_fold_2_umt
[202/380] DONE server_official_e200_pan_e30_CESC_cv_1_fold_2_umt
[203/380] RUN server_official_e200_pan_e30_CESC_cv_1_fold_3_umt
[203/380] DONE server_official_e200_pan_e30_CESC_cv_1_fold_3_umt
[204/380] RUN server_official_e200_pan_e30_CESC_cv_1_fold_4_umt
[204/380] DONE server_official_e200_pan_e30_CESC_cv_1_fold_4_umt
[205/380] RUN server_official_e200_pan_e30_CESC_cv_1_fold_5_umt
[205/380] DONE server_official_e200_pan_e30_CESC_cv_1_fold_5_umt
[206/380] RUN server_official_e200_pan_e30_CESC_cv_2_fold_1_umt
[206/380] DONE server_official_e200_pan_e30_CESC_cv_2_fold_1_umt
[207/380] RUN server_official_e200_pan_e30_CESC_cv_2_fold_2_umt
[207/380] DONE server_official_e200_pan_e30_CESC_cv_2_fold_2_umt
[208/380] RUN server_official_e200_pan_e30_CESC_cv_2_fold_3_umt
[208/380] DONE server_official_e200_pan_e30_CESC_cv_2_fold_3_umt
[209/380] RUN server_official_e200_pan_e30_CESC_cv_2_fold_4_umt
[209/380] DONE server_official_e200_pan_e30_CESC_cv_2_fold_4_umt
[210/380] RUN server_official_e200_pan_e30_CESC_cv_2_fold_5_umt
[210/380] DONE server_official_e200_pan_e30_CESC_cv_2_fold_5_umt
[211/380] RUN server_official_e200_pan_e30_COAD_cv_1_fold_1_umt
[211/380] DONE server_official_e200_pan_e30_COAD_cv_1_fold_1_umt
[212/380] RUN server_official_e200_pan_e30_COAD_cv_1_fold_2_umt
[212/380] DONE server_official_e200_pan_e30_COAD_cv_1_fold_2_umt
[213/380] RUN server_official_e200_pan_e30_COAD_cv_1_fold_3_umt
[213/380] DONE server_official_e200_pan_e30_COAD_cv_1_fold_3_umt
[214/380] RUN server_official_e200_pan_e30_COAD_cv_1_fold_4_umt
[214/380] DONE server_official_e200_pan_e30_COAD_cv_1_fold_4_umt
[215/380] RUN server_official_e200_pan_e30_COAD_cv_1_fold_5_umt
[215/380] DONE server_official_e200_pan_e30_COAD_cv_1_fold_5_umt
[216/380] RUN server_official_e200_pan_e30_COAD_cv_2_fold_1_umt
[216/380] DONE server_official_e200_pan_e30_COAD_cv_2_fold_1_umt
[217/380] RUN server_official_e200_pan_e30_COAD_cv_2_fold_2_umt
[217/380] DONE server_official_e200_pan_e30_COAD_cv_2_fold_2_umt
[218/380] RUN server_official_e200_pan_e30_COAD_cv_2_fold_3_umt
[218/380] DONE server_official_e200_pan_e30_COAD_cv_2_fold_3_umt
[219/380] RUN server_official_e200_pan_e30_COAD_cv_2_fold_4_umt
[219/380] DONE server_official_e200_pan_e30_COAD_cv_2_fold_4_umt
[220/380] RUN server_official_e200_pan_e30_COAD_cv_2_fold_5_umt
[220/380] DONE server_official_e200_pan_e30_COAD_cv_2_fold_5_umt
[221/380] RUN server_official_e200_pan_e30_KIRC_cv_1_fold_1_umt
[221/380] DONE server_official_e200_pan_e30_KIRC_cv_1_fold_1_umt
[222/380] RUN server_official_e200_pan_e30_KIRC_cv_1_fold_2_umt
[222/380] DONE server_official_e200_pan_e30_KIRC_cv_1_fold_2_umt
[223/380] RUN server_official_e200_pan_e30_KIRC_cv_1_fold_3_umt
[223/380] DONE server_official_e200_pan_e30_KIRC_cv_1_fold_3_umt
[224/380] RUN server_official_e200_pan_e30_KIRC_cv_1_fold_4_umt
[224/380] DONE server_official_e200_pan_e30_KIRC_cv_1_fold_4_umt
[225/380] RUN server_official_e200_pan_e30_KIRC_cv_1_fold_5_umt
[225/380] DONE server_official_e200_pan_e30_KIRC_cv_1_fold_5_umt
[226/380] RUN server_official_e200_pan_e30_KIRC_cv_2_fold_1_umt
[226/380] DONE server_official_e200_pan_e30_KIRC_cv_2_fold_1_umt
[227/380] RUN server_official_e200_pan_e30_KIRC_cv_2_fold_2_umt
[227/380] DONE server_official_e200_pan_e30_KIRC_cv_2_fold_2_umt
[228/380] RUN server_official_e200_pan_e30_KIRC_cv_2_fold_3_umt
[228/380] DONE server_official_e200_pan_e30_KIRC_cv_2_fold_3_umt
[229/380] RUN server_official_e200_pan_e30_KIRC_cv_2_fold_4_umt
[229/380] DONE server_official_e200_pan_e30_KIRC_cv_2_fold_4_umt
[230/380] RUN server_official_e200_pan_e30_KIRC_cv_2_fold_5_umt
[230/380] DONE server_official_e200_pan_e30_KIRC_cv_2_fold_5_umt
[231/380] RUN server_official_e200_pan_e30_LAML_cv_1_fold_1_umt
[231/380] DONE server_official_e200_pan_e30_LAML_cv_1_fold_1_umt
[232/380] RUN server_official_e200_pan_e30_LAML_cv_1_fold_2_umt
[232/380] DONE server_official_e200_pan_e30_LAML_cv_1_fold_2_umt
[233/380] RUN server_official_e200_pan_e30_LAML_cv_1_fold_3_umt
[233/380] DONE server_official_e200_pan_e30_LAML_cv_1_fold_3_umt
[234/380] RUN server_official_e200_pan_e30_LAML_cv_1_fold_4_umt
[234/380] DONE server_official_e200_pan_e30_LAML_cv_1_fold_4_umt
[235/380] RUN server_official_e200_pan_e30_LAML_cv_1_fold_5_umt
[235/380] DONE server_official_e200_pan_e30_LAML_cv_1_fold_5_umt
[236/380] RUN server_official_e200_pan_e30_LAML_cv_2_fold_1_umt
[236/380] DONE server_official_e200_pan_e30_LAML_cv_2_fold_1_umt
[237/380] RUN server_official_e200_pan_e30_LAML_cv_2_fold_2_umt
[237/380] DONE server_official_e200_pan_e30_LAML_cv_2_fold_2_umt
[238/380] RUN server_official_e200_pan_e30_LAML_cv_2_fold_3_umt
[238/380] DONE server_official_e200_pan_e30_LAML_cv_2_fold_3_umt
[239/380] RUN server_official_e200_pan_e30_LAML_cv_2_fold_4_umt
[239/380] DONE server_official_e200_pan_e30_LAML_cv_2_fold_4_umt
[240/380] RUN server_official_e200_pan_e30_LAML_cv_2_fold_5_umt
[240/380] DONE server_official_e200_pan_e30_LAML_cv_2_fold_5_umt
[241/380] RUN server_official_e200_pan_e30_LUAD_cv_1_fold_1_umt
[241/380] DONE server_official_e200_pan_e30_LUAD_cv_1_fold_1_umt
[242/380] RUN server_official_e200_pan_e30_LUAD_cv_1_fold_2_umt
[242/380] DONE server_official_e200_pan_e30_LUAD_cv_1_fold_2_umt
[243/380] RUN server_official_e200_pan_e30_LUAD_cv_1_fold_3_umt
[243/380] DONE server_official_e200_pan_e30_LUAD_cv_1_fold_3_umt
[244/380] RUN server_official_e200_pan_e30_LUAD_cv_1_fold_4_umt
[244/380] DONE server_official_e200_pan_e30_LUAD_cv_1_fold_4_umt
[245/380] RUN server_official_e200_pan_e30_LUAD_cv_1_fold_5_umt
[245/380] DONE server_official_e200_pan_e30_LUAD_cv_1_fold_5_umt
[246/380] RUN server_official_e200_pan_e30_LUAD_cv_2_fold_1_umt
[246/380] DONE server_official_e200_pan_e30_LUAD_cv_2_fold_1_umt
[247/380] RUN server_official_e200_pan_e30_LUAD_cv_2_fold_2_umt
[247/380] DONE server_official_e200_pan_e30_LUAD_cv_2_fold_2_umt
[248/380] RUN server_official_e200_pan_e30_LUAD_cv_2_fold_3_umt
[248/380] DONE server_official_e200_pan_e30_LUAD_cv_2_fold_3_umt
[249/380] RUN server_official_e200_pan_e30_LUAD_cv_2_fold_4_umt
[249/380] DONE server_official_e200_pan_e30_LUAD_cv_2_fold_4_umt
[250/380] RUN server_official_e200_pan_e30_LUAD_cv_2_fold_5_umt
[250/380] DONE server_official_e200_pan_e30_LUAD_cv_2_fold_5_umt
[251/380] RUN server_official_e200_pan_e30_OV_cv_1_fold_1_umt
[251/380] DONE server_official_e200_pan_e30_OV_cv_1_fold_1_umt
[252/380] RUN server_official_e200_pan_e30_OV_cv_1_fold_2_umt
[252/380] DONE server_official_e200_pan_e30_OV_cv_1_fold_2_umt
[253/380] RUN server_official_e200_pan_e30_OV_cv_1_fold_3_umt
[253/380] DONE server_official_e200_pan_e30_OV_cv_1_fold_3_umt
[254/380] RUN server_official_e200_pan_e30_OV_cv_1_fold_4_umt
[254/380] DONE server_official_e200_pan_e30_OV_cv_1_fold_4_umt
[255/380] RUN server_official_e200_pan_e30_OV_cv_1_fold_5_umt
[255/380] DONE server_official_e200_pan_e30_OV_cv_1_fold_5_umt
[256/380] RUN server_official_e200_pan_e30_OV_cv_2_fold_1_umt
[256/380] DONE server_official_e200_pan_e30_OV_cv_2_fold_1_umt
[257/380] RUN server_official_e200_pan_e30_OV_cv_2_fold_2_umt
[257/380] DONE server_official_e200_pan_e30_OV_cv_2_fold_2_umt
[258/380] RUN server_official_e200_pan_e30_OV_cv_2_fold_3_umt
[258/380] DONE server_official_e200_pan_e30_OV_cv_2_fold_3_umt
[259/380] RUN server_official_e200_pan_e30_OV_cv_2_fold_4_umt
[259/380] DONE server_official_e200_pan_e30_OV_cv_2_fold_4_umt
[260/380] RUN server_official_e200_pan_e30_OV_cv_2_fold_5_umt
[260/380] DONE server_official_e200_pan_e30_OV_cv_2_fold_5_umt
[261/380] RUN server_official_e200_pan_e30_SKCM_cv_1_fold_1_umt
[261/380] DONE server_official_e200_pan_e30_SKCM_cv_1_fold_1_umt
[262/380] RUN server_official_e200_pan_e30_SKCM_cv_1_fold_2_umt
[262/380] DONE server_official_e200_pan_e30_SKCM_cv_1_fold_2_umt
[263/380] RUN server_official_e200_pan_e30_SKCM_cv_1_fold_3_umt
[263/380] DONE server_official_e200_pan_e30_SKCM_cv_1_fold_3_umt
[264/380] RUN server_official_e200_pan_e30_SKCM_cv_1_fold_4_umt
[264/380] DONE server_official_e200_pan_e30_SKCM_cv_1_fold_4_umt
[265/380] RUN server_official_e200_pan_e30_SKCM_cv_1_fold_5_umt
[265/380] DONE server_official_e200_pan_e30_SKCM_cv_1_fold_5_umt
[266/380] RUN server_official_e200_pan_e30_SKCM_cv_2_fold_1_umt
[266/380] DONE server_official_e200_pan_e30_SKCM_cv_2_fold_1_umt
[267/380] RUN server_official_e200_pan_e30_SKCM_cv_2_fold_2_umt
[267/380] DONE server_official_e200_pan_e30_SKCM_cv_2_fold_2_umt
[268/380] RUN server_official_e200_pan_e30_SKCM_cv_2_fold_3_umt
[268/380] DONE server_official_e200_pan_e30_SKCM_cv_2_fold_3_umt
[269/380] RUN server_official_e200_pan_e30_SKCM_cv_2_fold_4_umt
[269/380] DONE server_official_e200_pan_e30_SKCM_cv_2_fold_4_umt
[270/380] RUN server_official_e200_pan_e30_SKCM_cv_2_fold_5_umt
[270/380] DONE server_official_e200_pan_e30_SKCM_cv_2_fold_5_umt
[271/380] RUN server_official_e200_pan_e30_pan_cv_1_fold_1_umt
[271/380] DONE server_official_e200_pan_e30_pan_cv_1_fold_1_umt
[272/380] RUN server_official_e200_pan_e30_pan_cv_1_fold_2_umt
[272/380] DONE server_official_e200_pan_e30_pan_cv_1_fold_2_umt
[273/380] RUN server_official_e200_pan_e30_pan_cv_1_fold_3_umt
[273/380] DONE server_official_e200_pan_e30_pan_cv_1_fold_3_umt
[274/380] RUN server_official_e200_pan_e30_pan_cv_1_fold_4_umt
[274/380] DONE server_official_e200_pan_e30_pan_cv_1_fold_4_umt
[275/380] RUN server_official_e200_pan_e30_pan_cv_1_fold_5_umt
[275/380] DONE server_official_e200_pan_e30_pan_cv_1_fold_5_umt
[276/380] RUN server_official_e200_pan_e30_pan_cv_2_fold_1_umt
[276/380] DONE server_official_e200_pan_e30_pan_cv_2_fold_1_umt
[277/380] RUN server_official_e200_pan_e30_pan_cv_2_fold_2_umt
[277/380] DONE server_official_e200_pan_e30_pan_cv_2_fold_2_umt
[278/380] RUN server_official_e200_pan_e30_pan_cv_2_fold_3_umt
[278/380] DONE server_official_e200_pan_e30_pan_cv_2_fold_3_umt
[279/380] RUN server_official_e200_pan_e30_pan_cv_2_fold_4_umt
[279/380] DONE server_official_e200_pan_e30_pan_cv_2_fold_4_umt
[280/380] RUN server_official_e200_pan_e30_pan_cv_2_fold_5_umt
[280/380] DONE server_official_e200_pan_e30_pan_cv_2_fold_5_umt
[281/380] RUN server_official_e200_pan_e30_pan_cv_3_fold_1_umt
[281/380] DONE server_official_e200_pan_e30_pan_cv_3_fold_1_umt
[282/380] RUN server_official_e200_pan_e30_pan_cv_3_fold_2_umt
[282/380] DONE server_official_e200_pan_e30_pan_cv_3_fold_2_umt
[283/380] RUN server_official_e200_pan_e30_pan_cv_3_fold_3_umt
[283/380] DONE server_official_e200_pan_e30_pan_cv_3_fold_3_umt
[284/380] RUN server_official_e200_pan_e30_pan_cv_3_fold_4_umt
[284/380] DONE server_official_e200_pan_e30_pan_cv_3_fold_4_umt
[285/380] RUN server_official_e200_pan_e30_pan_cv_3_fold_5_umt
[285/380] DONE server_official_e200_pan_e30_pan_cv_3_fold_5_umt
[286/380] RUN server_official_e200_pan_e30_BRCA_cv_1_fold_1_ume
[286/380] DONE server_official_e200_pan_e30_BRCA_cv_1_fold_1_ume
[287/380] RUN server_official_e200_pan_e30_BRCA_cv_1_fold_2_ume
[287/380] DONE server_official_e200_pan_e30_BRCA_cv_1_fold_2_ume
[288/380] RUN server_official_e200_pan_e30_BRCA_cv_1_fold_3_ume
[288/380] DONE server_official_e200_pan_e30_BRCA_cv_1_fold_3_ume
[289/380] RUN server_official_e200_pan_e30_BRCA_cv_1_fold_4_ume
[289/380] DONE server_official_e200_pan_e30_BRCA_cv_1_fold_4_ume
[290/380] RUN server_official_e200_pan_e30_BRCA_cv_1_fold_5_ume
[290/380] DONE server_official_e200_pan_e30_BRCA_cv_1_fold_5_ume
[291/380] RUN server_official_e200_pan_e30_BRCA_cv_2_fold_1_ume
[291/380] DONE server_official_e200_pan_e30_BRCA_cv_2_fold_1_ume
[292/380] RUN server_official_e200_pan_e30_BRCA_cv_2_fold_2_ume
[292/380] DONE server_official_e200_pan_e30_BRCA_cv_2_fold_2_ume
[293/380] RUN server_official_e200_pan_e30_BRCA_cv_2_fold_3_ume
[293/380] DONE server_official_e200_pan_e30_BRCA_cv_2_fold_3_ume
[294/380] RUN server_official_e200_pan_e30_BRCA_cv_2_fold_4_ume
[294/380] DONE server_official_e200_pan_e30_BRCA_cv_2_fold_4_ume
[295/380] RUN server_official_e200_pan_e30_BRCA_cv_2_fold_5_ume
[295/380] DONE server_official_e200_pan_e30_BRCA_cv_2_fold_5_ume
[296/380] RUN server_official_e200_pan_e30_CESC_cv_1_fold_1_ume
[296/380] DONE server_official_e200_pan_e30_CESC_cv_1_fold_1_ume
[297/380] RUN server_official_e200_pan_e30_CESC_cv_1_fold_2_ume
[297/380] DONE server_official_e200_pan_e30_CESC_cv_1_fold_2_ume
[298/380] RUN server_official_e200_pan_e30_CESC_cv_1_fold_3_ume
[298/380] DONE server_official_e200_pan_e30_CESC_cv_1_fold_3_ume
[299/380] RUN server_official_e200_pan_e30_CESC_cv_1_fold_4_ume
[299/380] DONE server_official_e200_pan_e30_CESC_cv_1_fold_4_ume
[300/380] RUN server_official_e200_pan_e30_CESC_cv_1_fold_5_ume
[300/380] DONE server_official_e200_pan_e30_CESC_cv_1_fold_5_ume
[301/380] RUN server_official_e200_pan_e30_CESC_cv_2_fold_1_ume
[301/380] DONE server_official_e200_pan_e30_CESC_cv_2_fold_1_ume
[302/380] RUN server_official_e200_pan_e30_CESC_cv_2_fold_2_ume
[302/380] DONE server_official_e200_pan_e30_CESC_cv_2_fold_2_ume
[303/380] RUN server_official_e200_pan_e30_CESC_cv_2_fold_3_ume
[303/380] DONE server_official_e200_pan_e30_CESC_cv_2_fold_3_ume
[304/380] RUN server_official_e200_pan_e30_CESC_cv_2_fold_4_ume
[304/380] DONE server_official_e200_pan_e30_CESC_cv_2_fold_4_ume
[305/380] RUN server_official_e200_pan_e30_CESC_cv_2_fold_5_ume
[305/380] DONE server_official_e200_pan_e30_CESC_cv_2_fold_5_ume
[306/380] RUN server_official_e200_pan_e30_COAD_cv_1_fold_1_ume
[306/380] DONE server_official_e200_pan_e30_COAD_cv_1_fold_1_ume
[307/380] RUN server_official_e200_pan_e30_COAD_cv_1_fold_2_ume
[307/380] DONE server_official_e200_pan_e30_COAD_cv_1_fold_2_ume
[308/380] RUN server_official_e200_pan_e30_COAD_cv_1_fold_3_ume
[308/380] DONE server_official_e200_pan_e30_COAD_cv_1_fold_3_ume
[309/380] RUN server_official_e200_pan_e30_COAD_cv_1_fold_4_ume
[309/380] DONE server_official_e200_pan_e30_COAD_cv_1_fold_4_ume
[310/380] RUN server_official_e200_pan_e30_COAD_cv_1_fold_5_ume
[310/380] DONE server_official_e200_pan_e30_COAD_cv_1_fold_5_ume
[311/380] RUN server_official_e200_pan_e30_COAD_cv_2_fold_1_ume
[311/380] DONE server_official_e200_pan_e30_COAD_cv_2_fold_1_ume
[312/380] RUN server_official_e200_pan_e30_COAD_cv_2_fold_2_ume
[312/380] DONE server_official_e200_pan_e30_COAD_cv_2_fold_2_ume
[313/380] RUN server_official_e200_pan_e30_COAD_cv_2_fold_3_ume
[313/380] DONE server_official_e200_pan_e30_COAD_cv_2_fold_3_ume
[314/380] RUN server_official_e200_pan_e30_COAD_cv_2_fold_4_ume
[314/380] DONE server_official_e200_pan_e30_COAD_cv_2_fold_4_ume
[315/380] RUN server_official_e200_pan_e30_COAD_cv_2_fold_5_ume
[315/380] DONE server_official_e200_pan_e30_COAD_cv_2_fold_5_ume
[316/380] RUN server_official_e200_pan_e30_KIRC_cv_1_fold_1_ume
[316/380] DONE server_official_e200_pan_e30_KIRC_cv_1_fold_1_ume
[317/380] RUN server_official_e200_pan_e30_KIRC_cv_1_fold_2_ume
[317/380] DONE server_official_e200_pan_e30_KIRC_cv_1_fold_2_ume
[318/380] RUN server_official_e200_pan_e30_KIRC_cv_1_fold_3_ume
[318/380] DONE server_official_e200_pan_e30_KIRC_cv_1_fold_3_ume
[319/380] RUN server_official_e200_pan_e30_KIRC_cv_1_fold_4_ume
[319/380] DONE server_official_e200_pan_e30_KIRC_cv_1_fold_4_ume
[320/380] RUN server_official_e200_pan_e30_KIRC_cv_1_fold_5_ume
[320/380] DONE server_official_e200_pan_e30_KIRC_cv_1_fold_5_ume
[321/380] RUN server_official_e200_pan_e30_KIRC_cv_2_fold_1_ume
[321/380] DONE server_official_e200_pan_e30_KIRC_cv_2_fold_1_ume
[322/380] RUN server_official_e200_pan_e30_KIRC_cv_2_fold_2_ume
[322/380] DONE server_official_e200_pan_e30_KIRC_cv_2_fold_2_ume
[323/380] RUN server_official_e200_pan_e30_KIRC_cv_2_fold_3_ume
[323/380] DONE server_official_e200_pan_e30_KIRC_cv_2_fold_3_ume
[324/380] RUN server_official_e200_pan_e30_KIRC_cv_2_fold_4_ume
[324/380] DONE server_official_e200_pan_e30_KIRC_cv_2_fold_4_ume
[325/380] RUN server_official_e200_pan_e30_KIRC_cv_2_fold_5_ume
[325/380] DONE server_official_e200_pan_e30_KIRC_cv_2_fold_5_ume
[326/380] RUN server_official_e200_pan_e30_LAML_cv_1_fold_1_ume
[326/380] DONE server_official_e200_pan_e30_LAML_cv_1_fold_1_ume
[327/380] RUN server_official_e200_pan_e30_LAML_cv_1_fold_2_ume
[327/380] DONE server_official_e200_pan_e30_LAML_cv_1_fold_2_ume
[328/380] RUN server_official_e200_pan_e30_LAML_cv_1_fold_3_ume
[328/380] DONE server_official_e200_pan_e30_LAML_cv_1_fold_3_ume
[329/380] RUN server_official_e200_pan_e30_LAML_cv_1_fold_4_ume
[329/380] DONE server_official_e200_pan_e30_LAML_cv_1_fold_4_ume
[330/380] RUN server_official_e200_pan_e30_LAML_cv_1_fold_5_ume
[330/380] DONE server_official_e200_pan_e30_LAML_cv_1_fold_5_ume
[331/380] RUN server_official_e200_pan_e30_LAML_cv_2_fold_1_ume
[331/380] DONE server_official_e200_pan_e30_LAML_cv_2_fold_1_ume
[332/380] RUN server_official_e200_pan_e30_LAML_cv_2_fold_2_ume
[332/380] DONE server_official_e200_pan_e30_LAML_cv_2_fold_2_ume
[333/380] RUN server_official_e200_pan_e30_LAML_cv_2_fold_3_ume
[333/380] DONE server_official_e200_pan_e30_LAML_cv_2_fold_3_ume
[334/380] RUN server_official_e200_pan_e30_LAML_cv_2_fold_4_ume
[334/380] DONE server_official_e200_pan_e30_LAML_cv_2_fold_4_ume
[335/380] RUN server_official_e200_pan_e30_LAML_cv_2_fold_5_ume
[335/380] DONE server_official_e200_pan_e30_LAML_cv_2_fold_5_ume
[336/380] RUN server_official_e200_pan_e30_LUAD_cv_1_fold_1_ume
[336/380] DONE server_official_e200_pan_e30_LUAD_cv_1_fold_1_ume
[337/380] RUN server_official_e200_pan_e30_LUAD_cv_1_fold_2_ume
[337/380] DONE server_official_e200_pan_e30_LUAD_cv_1_fold_2_ume
[338/380] RUN server_official_e200_pan_e30_LUAD_cv_1_fold_3_ume
[338/380] DONE server_official_e200_pan_e30_LUAD_cv_1_fold_3_ume
[339/380] RUN server_official_e200_pan_e30_LUAD_cv_1_fold_4_ume
[339/380] DONE server_official_e200_pan_e30_LUAD_cv_1_fold_4_ume
[340/380] RUN server_official_e200_pan_e30_LUAD_cv_1_fold_5_ume
[340/380] DONE server_official_e200_pan_e30_LUAD_cv_1_fold_5_ume
[341/380] RUN server_official_e200_pan_e30_LUAD_cv_2_fold_1_ume
[341/380] DONE server_official_e200_pan_e30_LUAD_cv_2_fold_1_ume
[342/380] RUN server_official_e200_pan_e30_LUAD_cv_2_fold_2_ume
[342/380] DONE server_official_e200_pan_e30_LUAD_cv_2_fold_2_ume
[343/380] RUN server_official_e200_pan_e30_LUAD_cv_2_fold_3_ume
[343/380] DONE server_official_e200_pan_e30_LUAD_cv_2_fold_3_ume
[344/380] RUN server_official_e200_pan_e30_LUAD_cv_2_fold_4_ume
[344/380] DONE server_official_e200_pan_e30_LUAD_cv_2_fold_4_ume
[345/380] RUN server_official_e200_pan_e30_LUAD_cv_2_fold_5_ume
[345/380] DONE server_official_e200_pan_e30_LUAD_cv_2_fold_5_ume
[346/380] RUN server_official_e200_pan_e30_OV_cv_1_fold_1_ume
[346/380] DONE server_official_e200_pan_e30_OV_cv_1_fold_1_ume
[347/380] RUN server_official_e200_pan_e30_OV_cv_1_fold_2_ume
[347/380] DONE server_official_e200_pan_e30_OV_cv_1_fold_2_ume
[348/380] RUN server_official_e200_pan_e30_OV_cv_1_fold_3_ume
[348/380] DONE server_official_e200_pan_e30_OV_cv_1_fold_3_ume
[349/380] RUN server_official_e200_pan_e30_OV_cv_1_fold_4_ume
[349/380] DONE server_official_e200_pan_e30_OV_cv_1_fold_4_ume
[350/380] RUN server_official_e200_pan_e30_OV_cv_1_fold_5_ume
[350/380] DONE server_official_e200_pan_e30_OV_cv_1_fold_5_ume
[351/380] RUN server_official_e200_pan_e30_OV_cv_2_fold_1_ume
[351/380] DONE server_official_e200_pan_e30_OV_cv_2_fold_1_ume
[352/380] RUN server_official_e200_pan_e30_OV_cv_2_fold_2_ume
[352/380] DONE server_official_e200_pan_e30_OV_cv_2_fold_2_ume
[353/380] RUN server_official_e200_pan_e30_OV_cv_2_fold_3_ume
[353/380] DONE server_official_e200_pan_e30_OV_cv_2_fold_3_ume
[354/380] RUN server_official_e200_pan_e30_OV_cv_2_fold_4_ume
[354/380] DONE server_official_e200_pan_e30_OV_cv_2_fold_4_ume
[355/380] RUN server_official_e200_pan_e30_OV_cv_2_fold_5_ume
[355/380] DONE server_official_e200_pan_e30_OV_cv_2_fold_5_ume
[356/380] RUN server_official_e200_pan_e30_SKCM_cv_1_fold_1_ume
[356/380] DONE server_official_e200_pan_e30_SKCM_cv_1_fold_1_ume
[357/380] RUN server_official_e200_pan_e30_SKCM_cv_1_fold_2_ume
[357/380] DONE server_official_e200_pan_e30_SKCM_cv_1_fold_2_ume
[358/380] RUN server_official_e200_pan_e30_SKCM_cv_1_fold_3_ume
[358/380] DONE server_official_e200_pan_e30_SKCM_cv_1_fold_3_ume
[359/380] RUN server_official_e200_pan_e30_SKCM_cv_1_fold_4_ume
[359/380] DONE server_official_e200_pan_e30_SKCM_cv_1_fold_4_ume
[360/380] RUN server_official_e200_pan_e30_SKCM_cv_1_fold_5_ume
[360/380] DONE server_official_e200_pan_e30_SKCM_cv_1_fold_5_ume
[361/380] RUN server_official_e200_pan_e30_SKCM_cv_2_fold_1_ume
[361/380] DONE server_official_e200_pan_e30_SKCM_cv_2_fold_1_ume
[362/380] RUN server_official_e200_pan_e30_SKCM_cv_2_fold_2_ume
[362/380] DONE server_official_e200_pan_e30_SKCM_cv_2_fold_2_ume
[363/380] RUN server_official_e200_pan_e30_SKCM_cv_2_fold_3_ume
[363/380] DONE server_official_e200_pan_e30_SKCM_cv_2_fold_3_ume
[364/380] RUN server_official_e200_pan_e30_SKCM_cv_2_fold_4_ume
[364/380] DONE server_official_e200_pan_e30_SKCM_cv_2_fold_4_ume
[365/380] RUN server_official_e200_pan_e30_SKCM_cv_2_fold_5_ume
[365/380] DONE server_official_e200_pan_e30_SKCM_cv_2_fold_5_ume
[366/380] RUN server_official_e200_pan_e30_pan_cv_1_fold_1_ume
[366/380] DONE server_official_e200_pan_e30_pan_cv_1_fold_1_ume
[367/380] RUN server_official_e200_pan_e30_pan_cv_1_fold_2_ume
[367/380] DONE server_official_e200_pan_e30_pan_cv_1_fold_2_ume
[368/380] RUN server_official_e200_pan_e30_pan_cv_1_fold_3_ume
[368/380] DONE server_official_e200_pan_e30_pan_cv_1_fold_3_ume
[369/380] RUN server_official_e200_pan_e30_pan_cv_1_fold_4_ume
[369/380] DONE server_official_e200_pan_e30_pan_cv_1_fold_4_ume
[370/380] RUN server_official_e200_pan_e30_pan_cv_1_fold_5_ume
[370/380] DONE server_official_e200_pan_e30_pan_cv_1_fold_5_ume
[371/380] RUN server_official_e200_pan_e30_pan_cv_2_fold_1_ume
[371/380] DONE server_official_e200_pan_e30_pan_cv_2_fold_1_ume
[372/380] RUN server_official_e200_pan_e30_pan_cv_2_fold_2_ume
[372/380] DONE server_official_e200_pan_e30_pan_cv_2_fold_2_ume
[373/380] RUN server_official_e200_pan_e30_pan_cv_2_fold_3_ume
[373/380] DONE server_official_e200_pan_e30_pan_cv_2_fold_3_ume
[374/380] RUN server_official_e200_pan_e30_pan_cv_2_fold_4_ume
[374/380] DONE server_official_e200_pan_e30_pan_cv_2_fold_4_ume
[375/380] RUN server_official_e200_pan_e30_pan_cv_2_fold_5_ume
[375/380] DONE server_official_e200_pan_e30_pan_cv_2_fold_5_ume
[376/380] RUN server_official_e200_pan_e30_pan_cv_3_fold_1_ume
[376/380] DONE server_official_e200_pan_e30_pan_cv_3_fold_1_ume
[377/380] RUN server_official_e200_pan_e30_pan_cv_3_fold_2_ume
[377/380] DONE server_official_e200_pan_e30_pan_cv_3_fold_2_ume
[378/380] RUN server_official_e200_pan_e30_pan_cv_3_fold_3_ume
[378/380] DONE server_official_e200_pan_e30_pan_cv_3_fold_3_ume
[379/380] RUN server_official_e200_pan_e30_pan_cv_3_fold_4_ume
[379/380] DONE server_official_e200_pan_e30_pan_cv_3_fold_4_ume
[380/380] RUN server_official_e200_pan_e30_pan_cv_3_fold_5_ume
[380/380] DONE server_official_e200_pan_e30_pan_cv_3_fold_5_ume
380-task reproduction pass complete.
